<?xml version="1.0" encoding="UTF-8"?>
<TestRun id="943b489a-2d2a-4e2f-9312-d8c343d0888d" name="Benny@MACBOOKWIN7 2012-03-14 20:57:46" runUser="MacBookWin7\Benny" xmlns="http://microsoft.com/schemas/VisualStudio/TeamTest/2010">
  <TestSettings name="Local" id="abe41eeb-0327-4780-b830-21300e2a52a0">
    <Description>These are default test settings for a local test run.</Description>
    <Deployment enabled="false" runDeploymentRoot="Benny_MACBOOKWIN7 2012-03-14 20_57_46">
      <DeploymentItem filename="C:\Users\Benny\Documents\Visual Studio 2010\Projects\Sam\Sam\bin\Debug\Sam.dll" />
    </Deployment>
    <Execution>
      <TestTypeSpecific />
      <AgentRule name="Execution Agents">
      </AgentRule>
    </Execution>
  </TestSettings>
  <Times creation="2012-03-14T20:57:46.8774000+01:00" queuing="2012-03-14T20:57:48.3934000+01:00" start="2012-03-14T20:57:48.4754000+01:00" finish="2012-03-14T20:57:50.1474000+01:00" />
  <ResultSummary outcome="Completed">
    <Counters total="1" executed="1" passed="1" error="0" failed="0" timeout="0" aborted="0" inconclusive="0" passedButRunAborted="0" notRunnable="0" notExecuted="0" disconnected="0" warning="0" completed="0" inProgress="0" pending="0" />
  </ResultSummary>
  <TestDefinitions>
    <UnitTest name="TestMethod1" storage="c:\users\benny\documents\visual studio 2010\projects\sam\samtestproject\bin\debug\samtestproject.dll" id="034ba79a-a201-7006-e559-981631141176">
      <Execution id="fb4eb4d5-7132-47d3-9b6f-465feb3ed055" />
      <TestMethod codeBase="c:/Users/Benny/Documents/Visual Studio 2010/Projects/Sam/SamTestProject/bin/Debug/SamTestProject.DLL" adapterTypeName="Microsoft.VisualStudio.TestTools.TestTypes.Unit.UnitTestAdapter, Microsoft.VisualStudio.QualityTools.Tips.UnitTest.Adapter, Version=10.0.0.0, Culture=neutral, PublicKeyToken=b03f5f7f11d50a3a" className="SamTestProject.UnitTest1, SamTestProject, Version=1.0.0.0, Culture=neutral, PublicKeyToken=null" name="TestMethod1" />
    </UnitTest>
  </TestDefinitions>
  <TestLists>
    <TestList name="Results Not in a List" id="8c84fa94-04c1-424b-9868-57a2d4851a1d" />
    <TestList name="All Loaded Results" id="19431567-8539-422a-85d7-44ee4e166bda" />
  </TestLists>
  <TestEntries>
    <TestEntry testId="034ba79a-a201-7006-e559-981631141176" executionId="fb4eb4d5-7132-47d3-9b6f-465feb3ed055" testListId="8c84fa94-04c1-424b-9868-57a2d4851a1d" />
  </TestEntries>
  <Results>
    <UnitTestResult executionId="fb4eb4d5-7132-47d3-9b6f-465feb3ed055" testId="034ba79a-a201-7006-e559-981631141176" testName="TestMethod1" computerName="MACBOOKWIN7" duration="00:00:00.0204163" startTime="2012-03-14T20:57:48.5554000+01:00" endTime="2012-03-14T20:57:50.0584000+01:00" testType="13cdc9d9-ddb5-4fa4-a97d-d965ccfc6d4b" outcome="Passed" testListId="8c84fa94-04c1-424b-9868-57a2d4851a1d" relativeResultsDirectory="fb4eb4d5-7132-47d3-9b6f-465feb3ed055">
    </UnitTestResult>
  </Results>
</TestRun>