<?xml version="1.0" encoding="UTF-8"?>
<TestRun id="57093496-c6b0-4877-8d89-99df12183c7d" name="Benny@MACBOOKWIN7 2012-03-14 20:59:01" runUser="MacBookWin7\Benny" xmlns="http://microsoft.com/schemas/VisualStudio/TeamTest/2010">
  <TestSettings name="Local" id="abe41eeb-0327-4780-b830-21300e2a52a0">
    <Description>These are default test settings for a local test run.</Description>
    <Deployment enabled="false" runDeploymentRoot="Benny_MACBOOKWIN7 2012-03-14 20_59_01">
      <DeploymentItem filename="C:\Users\Benny\Documents\Visual Studio 2010\Projects\Sam\Sam\bin\Debug\Sam.dll" />
    </Deployment>
    <Execution>
      <TestTypeSpecific />
      <AgentRule name="Execution Agents">
      </AgentRule>
    </Execution>
  </TestSettings>
  <Times creation="2012-03-14T20:59:01.6194000+01:00" queuing="2012-03-14T20:59:03.1904000+01:00" start="2012-03-14T20:59:03.2754000+01:00" finish="2012-03-14T20:59:05.1984000+01:00" />
  <ResultSummary outcome="Completed">
    <Counters total="2" executed="2" passed="2" error="0" failed="0" timeout="0" aborted="0" inconclusive="0" passedButRunAborted="0" notRunnable="0" notExecuted="0" disconnected="0" warning="0" completed="0" inProgress="0" pending="0" />
  </ResultSummary>
  <TestDefinitions>
    <UnitTest name="EatCookie" storage="c:\users\benny\documents\visual studio 2010\projects\sam\samtestproject\bin\debug\samtestproject.dll" id="6d7f29f3-3cf2-dc39-4e78-0a1c7cae2f76">
      <Execution id="09c4a2a3-e2cc-42e6-b8a2-bb66b503789b" />
      <TestMethod codeBase="c:/Users/Benny/Documents/Visual Studio 2010/Projects/Sam/SamTestProject/bin/Debug/SamTestProject.DLL" adapterTypeName="Microsoft.VisualStudio.TestTools.TestTypes.Unit.UnitTestAdapter, Microsoft.VisualStudio.QualityTools.Tips.UnitTest.Adapter, Version=10.0.0.0, Culture=neutral, PublicKeyToken=b03f5f7f11d50a3a" className="SamTestProject.UnitTest1, SamTestProject, Version=1.0.0.0, Culture=neutral, PublicKeyToken=null" name="EatCookie" />
    </UnitTest>
    <UnitTest name="EatDirt" storage="c:\users\benny\documents\visual studio 2010\projects\sam\samtestproject\bin\debug\samtestproject.dll" id="ab33c521-d786-5081-e07a-4382763147cc">
      <Execution id="693d2782-bf45-4f38-a45a-2c4489496c5e" />
      <TestMethod codeBase="c:/Users/Benny/Documents/Visual Studio 2010/Projects/Sam/SamTestProject/bin/Debug/SamTestProject.DLL" adapterTypeName="Microsoft.VisualStudio.TestTools.TestTypes.Unit.UnitTestAdapter, Microsoft.VisualStudio.QualityTools.Tips.UnitTest.Adapter, Version=10.0.0.0, Culture=neutral, PublicKeyToken=b03f5f7f11d50a3a" className="SamTestProject.UnitTest1, SamTestProject, Version=1.0.0.0, Culture=neutral, PublicKeyToken=null" name="EatDirt" />
    </UnitTest>
  </TestDefinitions>
  <TestLists>
    <TestList name="Results Not in a List" id="8c84fa94-04c1-424b-9868-57a2d4851a1d" />
    <TestList name="All Loaded Results" id="19431567-8539-422a-85d7-44ee4e166bda" />
  </TestLists>
  <TestEntries>
    <TestEntry testId="6d7f29f3-3cf2-dc39-4e78-0a1c7cae2f76" executionId="09c4a2a3-e2cc-42e6-b8a2-bb66b503789b" testListId="8c84fa94-04c1-424b-9868-57a2d4851a1d" />
    <TestEntry testId="ab33c521-d786-5081-e07a-4382763147cc" executionId="693d2782-bf45-4f38-a45a-2c4489496c5e" testListId="8c84fa94-04c1-424b-9868-57a2d4851a1d" />
  </TestEntries>
  <Results>
    <UnitTestResult executionId="09c4a2a3-e2cc-42e6-b8a2-bb66b503789b" testId="6d7f29f3-3cf2-dc39-4e78-0a1c7cae2f76" testName="EatCookie" computerName="MACBOOKWIN7" duration="00:00:00.0212173" startTime="2012-03-14T20:59:03.3524000+01:00" endTime="2012-03-14T20:59:04.8754000+01:00" testType="13cdc9d9-ddb5-4fa4-a97d-d965ccfc6d4b" outcome="Passed" testListId="8c84fa94-04c1-424b-9868-57a2d4851a1d" relativeResultsDirectory="09c4a2a3-e2cc-42e6-b8a2-bb66b503789b">
    </UnitTestResult>
    <UnitTestResult executionId="693d2782-bf45-4f38-a45a-2c4489496c5e" testId="ab33c521-d786-5081-e07a-4382763147cc" testName="EatDirt" computerName="MACBOOKWIN7" duration="00:00:00.0772669" startTime="2012-03-14T20:59:04.8954000+01:00" endTime="2012-03-14T20:59:05.0164000+01:00" testType="13cdc9d9-ddb5-4fa4-a97d-d965ccfc6d4b" outcome="Passed" testListId="8c84fa94-04c1-424b-9868-57a2d4851a1d" relativeResultsDirectory="693d2782-bf45-4f38-a45a-2c4489496c5e">
    </UnitTestResult>
  </Results>
</TestRun>